src/controllers/auth.controller.ts(54,62): error TS2352: Conversion of type 'ObjectId' to type 'string' may be a mistake because neither type sufficiently overlaps with the other. If this was intentional, convert the expression to 'unknown' first.
src/controllers/auth.controller.ts(86,62): error TS2352: Conversion of type 'ObjectId' to type 'string' may be a mistake because neither type sufficiently overlaps with the other. If this was intentional, convert the expression to 'unknown' first.
src/controllers/auth.controller.ts(137,18): error TS2554: Expected 0 arguments, but got 1.
src/controllers/auth.controller.ts(139,13): error TS2349: This expression is not callable.
  Type 'Number' has no call signatures.
src/controllers/invitation.controller.ts(122,35): error TS2352: Conversion of type 'ObjectId' to type 'string' may be a mistake because neither type sufficiently overlaps with the other. If this was intentional, convert the expression to 'unknown' first.
src/routes/analytics.routes.ts(2,10): error TS2305: Module '"../controllers/analytics.controller"' has no exported member 'getDashboardStats'.
src/routes/analytics.routes.ts(2,29): error TS2305: Module '"../controllers/analytics.controller"' has no exported member 'getActivityTimeline'.
src/services/ai.service.ts(1,36): error TS2307: Cannot find module '@google/generative-ai' or its corresponding type declarations.
